// Jest Snapshot v1, https://goo.gl/fbAQLP

exports[`manager > util > index > feedSortOptions should sort alphabetically-asc 1`] = `
Array [
  "another test feed with a version that ends later",
  "test feed with a version",
  "test feed with no version",
]
`;

exports[`manager > util > index > feedSortOptions should sort alphabetically-desc 1`] = `
Array [
  "test feed with no version",
  "test feed with a version",
  "another test feed with a version that ends later",
]
`;

exports[`manager > util > index > feedSortOptions should sort endDate-asc 1`] = `
Array [
  "test feed with a version",
  "another test feed with a version that ends later",
  "test feed with no version",
]
`;

exports[`manager > util > index > feedSortOptions should sort endDate-desc 1`] = `
Array [
  "another test feed with a version that ends later",
  "test feed with a version",
  "test feed with no version",
]
`;

exports[`manager > util > index > feedSortOptions should sort lastUpdated-asc 1`] = `
Array [
  "test feed with a version",
  "another test feed with a version that ends later",
  "test feed with no version",
]
`;

exports[`manager > util > index > feedSortOptions should sort lastUpdated-desc 1`] = `
Array [
  "another test feed with a version that ends later",
  "test feed with a version",
  "test feed with no version",
]
`;

exports[`manager > util > index > feedSortOptions should sort numErrors-asc 1`] = `
Array [
  "test feed with a version",
  "another test feed with a version that ends later",
  "test feed with no version",
]
`;

exports[`manager > util > index > feedSortOptions should sort numErrors-desc 1`] = `
Array [
  "another test feed with a version that ends later",
  "test feed with a version",
  "test feed with no version",
]
`;

exports[`manager > util > index > feedSortOptions should sort startDate-asc 1`] = `
Array [
  "test feed with a version",
  "another test feed with a version that ends later",
  "test feed with no version",
]
`;

exports[`manager > util > index > feedSortOptions should sort startDate-desc 1`] = `
Array [
  "another test feed with a version that ends later",
  "test feed with a version",
  "test feed with no version",
]
`;
